Downloaded to /tmp/.tmphbt2Ik/hits/0.parquet
Fixed EventDate in /tmp/.tmphbt2Ik/hits/0.parquet
Downloaded to /tmp/.tmpNFjHib/hits/1.parquet
Fixed EventDate in /tmp/.tmpNFjHib/hits/1.parquet
Downloaded to /tmp/.tmpqpmhPE/hits/2.parquet
Fixed EventDate in /tmp/.tmpqpmhPE/hits/2.parquet
Downloaded to /tmp/.tmpchNJci/hits/3.parquet
Fixed EventDate in /tmp/.tmpchNJci/hits/3.parquet
Downloaded to /tmp/.tmpSzVgMv/hits/4.parquet
Fixed EventDate in /tmp/.tmpSzVgMv/hits/4.parquet
Downloaded to /tmp/.tmp9S2soO/hits/5.parquet
Fixed EventDate in /tmp/.tmp9S2soO/hits/5.parquet
Downloaded to /tmp/.tmpx0xc4z/hits/6.parquet
Fixed EventDate in /tmp/.tmpx0xc4z/hits/6.parquet
Downloaded to /tmp/.tmp3AsMeR/hits/7.parquet
Fixed EventDate in /tmp/.tmp3AsMeR/hits/7.parquet
Downloaded to /tmp/.tmp3DogfN/hits/8.parquet
Fixed EventDate in /tmp/.tmp3DogfN/hits/8.parquet
Downloaded to /tmp/.tmp2bVidC/hits/9.parquet
Fixed EventDate in /tmp/.tmp2bVidC/hits/9.parquet
Downloaded to /tmp/.tmpTV8Q35/hits/10.parquet
Fixed EventDate in /tmp/.tmpTV8Q35/hits/10.parquet
Downloaded to /tmp/.tmpusxHb0/hits/11.parquet
Fixed EventDate in /tmp/.tmpusxHb0/hits/11.parquet
Downloaded to /tmp/.tmp3D6ECC/hits/12.parquet
Fixed EventDate in /tmp/.tmp3D6ECC/hits/12.parquet
Downloaded to /tmp/.tmpJitlLV/hits/13.parquet
Fixed EventDate in /tmp/.tmpJitlLV/hits/13.parquet
Downloaded to /tmp/.tmpYgEeua/hits/14.parquet
Fixed EventDate in /tmp/.tmpYgEeua/hits/14.parquet
Downloaded to /tmp/.tmpPhBFFC/hits/15.parquet
Fixed EventDate in /tmp/.tmpPhBFFC/hits/15.parquet
Downloaded to /tmp/.tmpMNsMuU/hits/16.parquet
Fixed EventDate in /tmp/.tmpMNsMuU/hits/16.parquet
Downloaded to /tmp/.tmpfRKeq0/hits/17.parquet
Fixed EventDate in /tmp/.tmpfRKeq0/hits/17.parquet
Downloaded to /tmp/.tmpvFC791/hits/18.parquet
Fixed EventDate in /tmp/.tmpvFC791/hits/18.parquet
Downloaded to /tmp/.tmpG3qy3i/hits/19.parquet
Fixed EventDate in /tmp/.tmpG3qy3i/hits/19.parquet
Downloaded to /tmp/.tmpNb1pPA/hits/20.parquet
Fixed EventDate in /tmp/.tmpNb1pPA/hits/20.parquet
Downloaded to /tmp/.tmpRjnLZW/hits/21.parquet
Fixed EventDate in /tmp/.tmpRjnLZW/hits/21.parquet
Downloaded to /tmp/.tmppSMpge/hits/22.parquet
Fixed EventDate in /tmp/.tmppSMpge/hits/22.parquet
Downloaded to /tmp/.tmpWBRHMn/hits/23.parquet
Fixed EventDate in /tmp/.tmpWBRHMn/hits/23.parquet
Downloaded to /tmp/.tmpWQOj5t/hits/24.parquet
Fixed EventDate in /tmp/.tmpWQOj5t/hits/24.parquet
Downloaded to /tmp/.tmp6mt43E/hits/25.parquet
Fixed EventDate in /tmp/.tmp6mt43E/hits/25.parquet
Downloaded to /tmp/.tmp2Ll2JW/hits/26.parquet
Fixed EventDate in /tmp/.tmp2Ll2JW/hits/26.parquet
Downloaded to /tmp/.tmpZTAI16/hits/27.parquet
Fixed EventDate in /tmp/.tmpZTAI16/hits/27.parquet
Downloaded to /tmp/.tmpnDrDNo/hits/28.parquet
Fixed EventDate in /tmp/.tmpnDrDNo/hits/28.parquet
Downloaded to /tmp/.tmpXwerQR/hits/29.parquet
Fixed EventDate in /tmp/.tmpXwerQR/hits/29.parquet
Downloaded to /tmp/.tmpGHxBbr/hits/30.parquet
Fixed EventDate in /tmp/.tmpGHxBbr/hits/30.parquet
Downloaded to /tmp/.tmp3YN0xX/hits/31.parquet
Fixed EventDate in /tmp/.tmp3YN0xX/hits/31.parquet
Downloaded to /tmp/.tmpFYV2GH/hits/32.parquet
Fixed EventDate in /tmp/.tmpFYV2GH/hits/32.parquet
Downloaded to /tmp/.tmplOAihh/hits/33.parquet
Fixed EventDate in /tmp/.tmplOAihh/hits/33.parquet
Downloaded to /tmp/.tmp2GBEw7/hits/34.parquet
Fixed EventDate in /tmp/.tmp2GBEw7/hits/34.parquet
Downloaded to /tmp/.tmpDgnsgj/hits/35.parquet
Fixed EventDate in /tmp/.tmpDgnsgj/hits/35.parquet
Downloaded to /tmp/.tmpK4Xec5/hits/36.parquet
Fixed EventDate in /tmp/.tmpK4Xec5/hits/36.parquet
Downloaded to /tmp/.tmpXirkjD/hits/37.parquet
Fixed EventDate in /tmp/.tmpXirkjD/hits/37.parquet
Downloaded to /tmp/.tmpl5yDET/hits/38.parquet
Fixed EventDate in /tmp/.tmpl5yDET/hits/38.parquet
Downloaded to /tmp/.tmpZ6r2tM/hits/39.parquet
Fixed EventDate in /tmp/.tmpZ6r2tM/hits/39.parquet
Downloaded to /tmp/.tmppwZ4At/hits/40.parquet
Fixed EventDate in /tmp/.tmppwZ4At/hits/40.parquet
Downloaded to /tmp/.tmpjuHS1n/hits/41.parquet
Fixed EventDate in /tmp/.tmpjuHS1n/hits/41.parquet
Downloaded to /tmp/.tmp7t6r6S/hits/42.parquet
Fixed EventDate in /tmp/.tmp7t6r6S/hits/42.parquet
Downloaded to /tmp/.tmpAHfnuA/hits/43.parquet
Fixed EventDate in /tmp/.tmpAHfnuA/hits/43.parquet
Downloaded to /tmp/.tmpXFA03W/hits/44.parquet
Fixed EventDate in /tmp/.tmpXFA03W/hits/44.parquet
Downloaded to /tmp/.tmpjalIzN/hits/45.parquet
Fixed EventDate in /tmp/.tmpjalIzN/hits/45.parquet
Downloaded to /tmp/.tmpk0tSbK/hits/46.parquet
Fixed EventDate in /tmp/.tmpk0tSbK/hits/46.parquet
Downloaded to /tmp/.tmpFHNKE6/hits/47.parquet
Fixed EventDate in /tmp/.tmpFHNKE6/hits/47.parquet
Downloaded to /tmp/.tmpVmqesx/hits/48.parquet
Fixed EventDate in /tmp/.tmpVmqesx/hits/48.parquet
Downloaded to /tmp/.tmpZuyLX8/hits/49.parquet
Fixed EventDate in /tmp/.tmpZuyLX8/hits/49.parquet
Downloaded to /tmp/.tmpSBwi7j/hits/50.parquet
Fixed EventDate in /tmp/.tmpSBwi7j/hits/50.parquet
Downloaded to /tmp/.tmpCe5vXR/hits/51.parquet
Fixed EventDate in /tmp/.tmpCe5vXR/hits/51.parquet
Downloaded to /tmp/.tmp7p2HZe/hits/52.parquet
Fixed EventDate in /tmp/.tmp7p2HZe/hits/52.parquet
Downloaded to /tmp/.tmpzSIwt4/hits/53.parquet
Fixed EventDate in /tmp/.tmpzSIwt4/hits/53.parquet
Downloaded to /tmp/.tmplLysoJ/hits/54.parquet
Fixed EventDate in /tmp/.tmplLysoJ/hits/54.parquet
Downloaded to /tmp/.tmpMILDdI/hits/55.parquet
Fixed EventDate in /tmp/.tmpMILDdI/hits/55.parquet
Downloaded to /tmp/.tmpZRwpk1/hits/56.parquet
Fixed EventDate in /tmp/.tmpZRwpk1/hits/56.parquet
Downloaded to /tmp/.tmp2MVVt9/hits/57.parquet
Fixed EventDate in /tmp/.tmp2MVVt9/hits/57.parquet
Downloaded to /tmp/.tmpQRfCIK/hits/58.parquet
Fixed EventDate in /tmp/.tmpQRfCIK/hits/58.parquet
Downloaded to /tmp/.tmpNpj78b/hits/59.parquet
Fixed EventDate in /tmp/.tmpNpj78b/hits/59.parquet
Downloaded to /tmp/.tmpjmvvKH/hits/60.parquet
Fixed EventDate in /tmp/.tmpjmvvKH/hits/60.parquet
Downloaded to /tmp/.tmpR5XSXn/hits/61.parquet
Fixed EventDate in /tmp/.tmpR5XSXn/hits/61.parquet
Downloaded to /tmp/.tmpfNnitP/hits/62.parquet
Fixed EventDate in /tmp/.tmpfNnitP/hits/62.parquet
Downloaded to /tmp/.tmpdxk6b5/hits/63.parquet
Fixed EventDate in /tmp/.tmpdxk6b5/hits/63.parquet
Downloaded to /tmp/.tmpxHrCjl/hits/64.parquet
Fixed EventDate in /tmp/.tmpxHrCjl/hits/64.parquet
Downloaded to /tmp/.tmpF6rcEZ/hits/65.parquet
Fixed EventDate in /tmp/.tmpF6rcEZ/hits/65.parquet
Downloaded to /tmp/.tmpNNoerR/hits/66.parquet
Fixed EventDate in /tmp/.tmpNNoerR/hits/66.parquet
Downloaded to /tmp/.tmp7xJAxm/hits/67.parquet
Fixed EventDate in /tmp/.tmp7xJAxm/hits/67.parquet
Downloaded to /tmp/.tmp0Dvg0H/hits/68.parquet
Fixed EventDate in /tmp/.tmp0Dvg0H/hits/68.parquet
Downloaded to /tmp/.tmpboJK5P/hits/69.parquet
Fixed EventDate in /tmp/.tmpboJK5P/hits/69.parquet
Downloaded to /tmp/.tmpxStnV1/hits/70.parquet
Fixed EventDate in /tmp/.tmpxStnV1/hits/70.parquet
Downloaded to /tmp/.tmpVWU0sI/hits/71.parquet
Fixed EventDate in /tmp/.tmpVWU0sI/hits/71.parquet
Downloaded to /tmp/.tmpO8IJ5o/hits/72.parquet
Fixed EventDate in /tmp/.tmpO8IJ5o/hits/72.parquet
Downloaded to /tmp/.tmpL4BnlO/hits/73.parquet
Fixed EventDate in /tmp/.tmpL4BnlO/hits/73.parquet
Downloaded to /tmp/.tmpCiq5YA/hits/74.parquet
Fixed EventDate in /tmp/.tmpCiq5YA/hits/74.parquet
Downloaded to /tmp/.tmp3lsidF/hits/75.parquet
Fixed EventDate in /tmp/.tmp3lsidF/hits/75.parquet
Downloaded to /tmp/.tmpnuQlQI/hits/76.parquet
Fixed EventDate in /tmp/.tmpnuQlQI/hits/76.parquet
Downloaded to /tmp/.tmpwFfyS6/hits/77.parquet
Fixed EventDate in /tmp/.tmpwFfyS6/hits/77.parquet
Downloaded to /tmp/.tmpPuDjKU/hits/78.parquet
Fixed EventDate in /tmp/.tmpPuDjKU/hits/78.parquet
Downloaded to /tmp/.tmpXmU0Wm/hits/79.parquet
Fixed EventDate in /tmp/.tmpXmU0Wm/hits/79.parquet
Downloaded to /tmp/.tmpcVosIJ/hits/80.parquet
Fixed EventDate in /tmp/.tmpcVosIJ/hits/80.parquet
Downloaded to /tmp/.tmpq5VHfk/hits/81.parquet
Fixed EventDate in /tmp/.tmpq5VHfk/hits/81.parquet
Downloaded to /tmp/.tmpwJC4lR/hits/82.parquet
Fixed EventDate in /tmp/.tmpwJC4lR/hits/82.parquet
Downloaded to /tmp/.tmpBsZPfK/hits/83.parquet
Fixed EventDate in /tmp/.tmpBsZPfK/hits/83.parquet
Downloaded to /tmp/.tmpe8Q3n9/hits/84.parquet
Fixed EventDate in /tmp/.tmpe8Q3n9/hits/84.parquet
Downloaded to /tmp/.tmpCKwrdL/hits/85.parquet
Fixed EventDate in /tmp/.tmpCKwrdL/hits/85.parquet
Downloaded to /tmp/.tmpjUsTUr/hits/86.parquet
Fixed EventDate in /tmp/.tmpjUsTUr/hits/86.parquet
Downloaded to /tmp/.tmpGkEvaK/hits/87.parquet
Fixed EventDate in /tmp/.tmpGkEvaK/hits/87.parquet
Downloaded to /tmp/.tmpvcY3CS/hits/88.parquet
Fixed EventDate in /tmp/.tmpvcY3CS/hits/88.parquet
Downloaded to /tmp/.tmpzQ2ryu/hits/89.parquet
Fixed EventDate in /tmp/.tmpzQ2ryu/hits/89.parquet
Downloaded to /tmp/.tmpELIpao/hits/90.parquet
Fixed EventDate in /tmp/.tmpELIpao/hits/90.parquet
Downloaded to /tmp/.tmpDYt7XQ/hits/91.parquet
Fixed EventDate in /tmp/.tmpDYt7XQ/hits/91.parquet
Downloaded to /tmp/.tmpKNRcBj/hits/92.parquet
Fixed EventDate in /tmp/.tmpKNRcBj/hits/92.parquet
Downloaded to /tmp/.tmpet1ZPR/hits/93.parquet
Fixed EventDate in /tmp/.tmpet1ZPR/hits/93.parquet
Downloaded to /tmp/.tmpE4py5h/hits/94.parquet
Fixed EventDate in /tmp/.tmpE4py5h/hits/94.parquet
Downloaded to /tmp/.tmpvOyQUQ/hits/95.parquet
Fixed EventDate in /tmp/.tmpvOyQUQ/hits/95.parquet
Downloaded to /tmp/.tmp4nb1Vm/hits/96.parquet
Fixed EventDate in /tmp/.tmp4nb1Vm/hits/96.parquet
Downloaded to /tmp/.tmpR2zfUZ/hits/97.parquet
Fixed EventDate in /tmp/.tmpR2zfUZ/hits/97.parquet
Downloaded to /tmp/.tmp6xbmzN/hits/98.parquet
Fixed EventDate in /tmp/.tmp6xbmzN/hits/98.parquet
Downloaded to /tmp/.tmphpU7ia/hits/99.parquet
Fixed EventDate in /tmp/.tmphpU7ia/hits/99.parquet
